================================================================
== Design Size Report
================================================================

* Total Instructions per Compilation Phase
+---------------+-----------------------------+--------------+----------------------------------------------------------------------------------------+
| Phase         | Step                        | Instructions | Description                                                                            |
+---------------+-----------------------------+--------------+----------------------------------------------------------------------------------------+
| Compile/Link  |                             |       360    | After all functions are compiled and linked into a single design                       |
|               |                             |              |                                                                                        |
| Unroll/Inline |                             |              | After user unroll and inline pragmas are applied                                       |
|               | (1) unroll                  | 2,482,290 *  | user unroll pragmas are applied                                                        |
|               | (2) simplification          | 2,482,254 *  | simplification of applied user unroll pragmas                                          |
|               | (3) inline                  | 2,482,260 *  | user inline pragmas are applied                                                        |
|               | (4) simplification          | 2,482,260 *  | simplification of applied user inline pragmas                                          |
|               |                             |              |                                                                                        |
| Array/Struct  |                             |              | After user array partition and struct aggregate/disaggregate pragmas are applied       |
|               | (1) array partition         | 2,482,278 *  | user array partition pragmas are applied                                               |
|               | (2) simplification          | 2,482,278 *  | simplification of applied user array partition & struct aggregate/disaggregate pragmas |
|               | (3) aggregate/disaggregate  | 2,482,278 *  | user struct aggregate/disaggregate pragmas are applied                                 |
|               | (4) array reshape           | 2,482,278 *  | apply array reshape pragmas                                                            |
|               | (5) access patterns         | 1,654,982 *  | array access pattern optmizations                                                      |
|               |                             |              |                                                                                        |
| Performance   |                             |              | After transformations are applied to meet performance pragma targets                   |
|               | (1) loop simplification     | 1,654,982 *  | loop and instruction simplification                                                    |
|               | (2) parallelization         | 1,654,982 *  | loops are unrolled or pipelined to meet performance targets                            |
|               | (3) array partition         | 1,654,982 *  | arrays are partitioned to meet performance targets                                     |
|               | (4) simplification          | 1,654,982 *  | simplification of design after performance transformations                             |
|               |                             |              |                                                                                        |
| HW Transforms |                             |              | After hardware transfomations                                                          |
|               | (1) lowering                | 1,655,060 *  | initial conversion to HW specific instructions                                         |
|               | (2) optimizations           | 3,309,857 *  | high level synthesis optimizations                                                     |
+---------------+-----------------------------+--------------+----------------------------------------------------------------------------------------+
    * - Exceeded design size warning message threshold

* Instructions per Function for each Compilation Phase
+---------------------+---------------+--------------+---------------+--------------+-------------+---------------+
| Function            | Location      | Compile/Link | Unroll/Inline | Array/Struct | Performance | HW Transforms |
+---------------------+---------------+--------------+---------------+--------------+-------------+---------------+
| + fdtd              | strem.cpp:366 | 360          | 2,482,260 *   | 1,654,982 *  | 1,654,982 * | 3,309,857 *   |
|  + read_to_stream   | strem.cpp:332 | 109          | 1,241,113     | 827,471      | 827,471     | 1,654,895     |
|     gmem0_to_stream | strem.cpp:212 |  17          | 205,344       | 136,906      | 136,906     | 273,805       |
|     gmem1_to_stream | strem.cpp:222 |  17          | 205,344       | 136,906      | 136,906     | 273,805       |
|     gmem2_to_stream | strem.cpp:232 |  17          | 201,810       | 134,550      | 134,550     | 269,093       |
|     gmem3_to_stream | strem.cpp:242 |  17          | 208,320       | 138,890      | 138,890     | 277,773       |
|     gmem4_to_stream | strem.cpp:252 |  17          | 208,320       | 138,890      | 138,890     | 277,773       |
|     gmem5_to_stream | strem.cpp:262 |  17          | 211,968       | 141,322      | 141,322     | 282,637       |
|  + write_to_gmemd   | strem.cpp:349 | 163          | 1,241,113     | 827,471      | 827,471     | 1,654,913     |
|     stream_to_gmem0 | strem.cpp:272 |  26          | 205,344       | 136,906      | 136,906     | 273,808       |
|     stream_to_gmem1 | strem.cpp:282 |  26          | 205,344       | 136,906      | 136,906     | 273,808       |
|     stream_to_gmem2 | strem.cpp:292 |  26          | 201,810       | 134,550      | 134,550     | 269,096       |
|     stream_to_gmem3 | strem.cpp:302 |  26          | 208,320       | 138,890      | 138,890     | 277,776       |
|     stream_to_gmem4 | strem.cpp:312 |  26          | 208,320       | 138,890      | 138,890     | 277,776       |
|     stream_to_gmem5 | strem.cpp:322 |  26          | 211,968       | 141,322      | 141,322     | 282,640       |
+---------------------+---------------+--------------+---------------+--------------+-------------+---------------+
    * - Exceeded design size warning message threshold

* Design Size Message Settings
+---------------------------------------------+--------+------------------------------------------------------------------+
| Message Setting                             | Value  | Description                                                      |
+---------------------------------------------+--------+------------------------------------------------------------------+
| config_compile -design_size_maximum_warning | 100000 | Show a warning when total design instructions exceeds this value |
+---------------------------------------------+--------+------------------------------------------------------------------+


